../Core/Src/main.c:82:6:delay_us	24	static
../Core/Src/main.c:88:7:Get_Temperature	16	static
../Core/Src/main.c:111:5:main	8	static
../Core/Src/main.c:169:6:SystemClock_Config	88	static
../Core/Src/main.c:212:6:Read_Sensors	8	static
../Core/Src/main.c:234:6:Control_Logic	16	static
../Core/Src/main.c:252:6:Process_Serial_Commands	16	static
../Core/Src/main.c:262:6:Update_Display	32	static
../Core/Src/main.c:275:9:DS18B20_Start	24	static
../Core/Src/main.c:296:6:DS18B20_Write	40	static
../Core/Src/main.c:317:9:DS18B20_Read	32	static
../Core/Src/main.c:341:6:Error_Handler	4	static,ignoring_inline_asm
